###############################################################################
#
# IAR ELF Linker V7.50.2.10312/W32 for ARM                24/Aug/2017  12:06:58
# Copyright 2007-2015 IAR Systems AB.
#
#    Output file  =  X:\MailCloud\work\V&V\CODE\Auto\EWARM\Auto\Exe\Auto.out
#    Map file     =  X:\MailCloud\work\V&V\CODE\Auto\EWARM\Auto\List\Auto.map
#    Command line =  
#        X:\MailCloud\work\V&V\CODE\Auto\EWARM\Auto\Obj\main.o
#        X:\MailCloud\work\V&V\CODE\Auto\EWARM\Auto\Obj\startup_stm32f407xx.o
#        X:\MailCloud\work\V&V\CODE\Auto\EWARM\Auto\Obj\stm32f4xx_hal.o
#        X:\MailCloud\work\V&V\CODE\Auto\EWARM\Auto\Obj\stm32f4xx_hal_cortex.o
#        X:\MailCloud\work\V&V\CODE\Auto\EWARM\Auto\Obj\stm32f4xx_hal_dma.o
#        X:\MailCloud\work\V&V\CODE\Auto\EWARM\Auto\Obj\stm32f4xx_hal_dma_ex.o
#        X:\MailCloud\work\V&V\CODE\Auto\EWARM\Auto\Obj\stm32f4xx_hal_flash.o
#        X:\MailCloud\work\V&V\CODE\Auto\EWARM\Auto\Obj\stm32f4xx_hal_flash_ex.o
#        X:\MailCloud\work\V&V\CODE\Auto\EWARM\Auto\Obj\stm32f4xx_hal_flash_ramfunc.o
#        X:\MailCloud\work\V&V\CODE\Auto\EWARM\Auto\Obj\stm32f4xx_hal_gpio.o
#        X:\MailCloud\work\V&V\CODE\Auto\EWARM\Auto\Obj\stm32f4xx_hal_i2c.o
#        X:\MailCloud\work\V&V\CODE\Auto\EWARM\Auto\Obj\stm32f4xx_hal_i2c_ex.o
#        X:\MailCloud\work\V&V\CODE\Auto\EWARM\Auto\Obj\stm32f4xx_hal_msp.o
#        X:\MailCloud\work\V&V\CODE\Auto\EWARM\Auto\Obj\stm32f4xx_hal_pwr.o
#        X:\MailCloud\work\V&V\CODE\Auto\EWARM\Auto\Obj\stm32f4xx_hal_pwr_ex.o
#        X:\MailCloud\work\V&V\CODE\Auto\EWARM\Auto\Obj\stm32f4xx_hal_rcc.o
#        X:\MailCloud\work\V&V\CODE\Auto\EWARM\Auto\Obj\stm32f4xx_hal_rcc_ex.o
#        X:\MailCloud\work\V&V\CODE\Auto\EWARM\Auto\Obj\stm32f4xx_hal_tim.o
#        X:\MailCloud\work\V&V\CODE\Auto\EWARM\Auto\Obj\stm32f4xx_hal_tim_ex.o
#        X:\MailCloud\work\V&V\CODE\Auto\EWARM\Auto\Obj\stm32f4xx_it.o
#        X:\MailCloud\work\V&V\CODE\Auto\EWARM\Auto\Obj\system_stm32f4xx.o
#        --redirect _Printf=_PrintfFull --redirect _Scanf=_ScanfFull -o
#        X:\MailCloud\work\V&V\CODE\Auto\EWARM\Auto\Exe\Auto.out --map
#        X:\MailCloud\work\V&V\CODE\Auto\EWARM\Auto\List\Auto.map --config
#        X:\MailCloud\work\V&V\CODE\Auto\EWARM/stm32f407xx_flash.icf
#        --semihosting --entry __iar_program_start --vfe
#
###############################################################################

*******************************************************************************
*** RUNTIME MODEL ATTRIBUTES
***

CppFlavor       = *
__SystemLibrary = DLib


*******************************************************************************
*** PLACEMENT SUMMARY
***

"A1":  place at 0x08000000 { ro section .intvec };
"P1":  place in [from 0x08000000 to 0x080fffff] { ro };
"P2":  place in [from 0x20000000 to 0x2001ffff] { rw, block CSTACK, block HEAP };

  Section            Kind        Address    Size  Object
  -------            ----        -------    ----  ------
"A1":                                      0x188
  .intvec            ro code  0x08000000   0x188  startup_stm32f407xx.o [1]
                            - 0x08000188   0x188

"P1":                                     0x26c4
  .text              ro code  0x08000188  0x1504  stm32f4xx_hal_i2c.o [1]
  .text              ro code  0x0800168c    0xd8  stm32f4xx_hal_msp.o [1]
  .text              ro code  0x08001764   0x6ac  stm32f4xx_hal_rcc.o [1]
  .text              ro code  0x08001e10    0x7c  stm32f4xx_hal.o [1]
  .text              ro code  0x08001e8c    0x28  stm32f4xx_hal_dma.o [1]
  .text              ro code  0x08001eb4   0x16a  stm32f4xx_hal_cortex.o [1]
  .rodata            const    0x0800201e     0x2  main.o [1]
  .text              ro code  0x08002020   0x230  stm32f4xx_hal_gpio.o [1]
  .text              ro code  0x08002250   0x29a  main.o [1]
  .text              ro code  0x080024ec    0x6c  system_stm32f4xx.o [1]
  .text              ro code  0x08002558    0x40  zero_init3.o [5]
  .text              ro code  0x08002598    0x34  stm32f4xx_it.o [1]
  .rodata            const    0x080025cc    0x2c  main.o [1]
  .text              ro code  0x080025f8    0x2c  copy_init3.o [5]
  .text              ro code  0x08002624    0x28  data_init.o [5]
  .text              ro code  0x0800264c    0x22  fpinit_M.o [4]
  .iar.init_table    const    0x08002670    0x24  - Linker created -
  .text              ro code  0x08002694    0x1a  cmain.o [5]
  .text              ro code  0x080026ae     0x4  low_level_init.o [3]
  .text              ro code  0x080026b2     0x4  exit.o [3]
  .text              ro code  0x080026b8     0xa  cexit.o [5]
  .text              ro code  0x080026c4    0x14  exit.o [6]
  .rodata            const    0x080026d8    0x10  system_stm32f4xx.o [1]
  .text              ro code  0x080026e8    0x10  startup_stm32f407xx.o [1]
  .text              ro code  0x080026f8     0xc  cstartup_M.o [5]
  .rodata            const    0x08002704     0x8  system_stm32f4xx.o [1]
  .text              ro code  0x0800270c     0x4  startup_stm32f407xx.o [1]
  .text              ro code  0x08002710     0x4  startup_stm32f407xx.o [1]
  .text              ro code  0x08002714     0x4  startup_stm32f407xx.o [1]
  .text              ro code  0x08002718     0x4  startup_stm32f407xx.o [1]
  .text              ro code  0x0800271c     0x4  startup_stm32f407xx.o [1]
  .text              ro code  0x08002720     0x4  startup_stm32f407xx.o [1]
  .text              ro code  0x08002724     0x4  startup_stm32f407xx.o [1]
  .text              ro code  0x08002728     0x4  startup_stm32f407xx.o [1]
  .text              ro code  0x0800272c     0x4  startup_stm32f407xx.o [1]
  .text              ro code  0x08002730     0x4  startup_stm32f407xx.o [1]
  .text              ro code  0x08002734     0x4  startup_stm32f407xx.o [1]
  .text              ro code  0x08002738     0x4  startup_stm32f407xx.o [1]
  .text              ro code  0x0800273c     0x4  startup_stm32f407xx.o [1]
  .text              ro code  0x08002740     0x4  startup_stm32f407xx.o [1]
  .text              ro code  0x08002744     0x4  startup_stm32f407xx.o [1]
  .text              ro code  0x08002748     0x4  startup_stm32f407xx.o [1]
  .text              ro code  0x0800274c     0x4  startup_stm32f407xx.o [1]
  .text              ro code  0x08002750     0x4  startup_stm32f407xx.o [1]
  .text              ro code  0x08002754     0x4  startup_stm32f407xx.o [1]
  .text              ro code  0x08002758     0x4  startup_stm32f407xx.o [1]
  .text              ro code  0x0800275c     0x4  startup_stm32f407xx.o [1]
  .text              ro code  0x08002760     0x4  startup_stm32f407xx.o [1]
  .text              ro code  0x08002764     0x4  startup_stm32f407xx.o [1]
  .text              ro code  0x08002768     0x4  startup_stm32f407xx.o [1]
  .text              ro code  0x0800276c     0x4  startup_stm32f407xx.o [1]
  .text              ro code  0x08002770     0x4  startup_stm32f407xx.o [1]
  .text              ro code  0x08002774     0x4  startup_stm32f407xx.o [1]
  .text              ro code  0x08002778     0x4  startup_stm32f407xx.o [1]
  .text              ro code  0x0800277c     0x4  startup_stm32f407xx.o [1]
  .text              ro code  0x08002780     0x4  startup_stm32f407xx.o [1]
  .text              ro code  0x08002784     0x4  startup_stm32f407xx.o [1]
  .text              ro code  0x08002788     0x4  startup_stm32f407xx.o [1]
  .text              ro code  0x0800278c     0x4  startup_stm32f407xx.o [1]
  .text              ro code  0x08002790     0x4  startup_stm32f407xx.o [1]
  .text              ro code  0x08002794     0x4  startup_stm32f407xx.o [1]
  .text              ro code  0x08002798     0x4  startup_stm32f407xx.o [1]
  .text              ro code  0x0800279c     0x4  startup_stm32f407xx.o [1]
  .text              ro code  0x080027a0     0x4  startup_stm32f407xx.o [1]
  .text              ro code  0x080027a4     0x4  startup_stm32f407xx.o [1]
  .text              ro code  0x080027a8     0x4  startup_stm32f407xx.o [1]
  .text              ro code  0x080027ac     0x4  startup_stm32f407xx.o [1]
  .text              ro code  0x080027b0     0x4  startup_stm32f407xx.o [1]
  .text              ro code  0x080027b4     0x4  startup_stm32f407xx.o [1]
  .text              ro code  0x080027b8     0x4  startup_stm32f407xx.o [1]
  .text              ro code  0x080027bc     0x4  startup_stm32f407xx.o [1]
  .text              ro code  0x080027c0     0x4  startup_stm32f407xx.o [1]
  .text              ro code  0x080027c4     0x4  startup_stm32f407xx.o [1]
  .text              ro code  0x080027c8     0x4  startup_stm32f407xx.o [1]
  .text              ro code  0x080027cc     0x4  startup_stm32f407xx.o [1]
  .text              ro code  0x080027d0     0x4  startup_stm32f407xx.o [1]
  .text              ro code  0x080027d4     0x4  startup_stm32f407xx.o [1]
  .text              ro code  0x080027d8     0x4  startup_stm32f407xx.o [1]
  .text              ro code  0x080027dc     0x4  startup_stm32f407xx.o [1]
  .text              ro code  0x080027e0     0x4  startup_stm32f407xx.o [1]
  .text              ro code  0x080027e4     0x4  startup_stm32f407xx.o [1]
  .text              ro code  0x080027e8     0x4  startup_stm32f407xx.o [1]
  .text              ro code  0x080027ec     0x4  startup_stm32f407xx.o [1]
  .text              ro code  0x080027f0     0x4  startup_stm32f407xx.o [1]
  .text              ro code  0x080027f4     0x4  startup_stm32f407xx.o [1]
  .text              ro code  0x080027f8     0x4  startup_stm32f407xx.o [1]
  .text              ro code  0x080027fc     0x4  startup_stm32f407xx.o [1]
  .text              ro code  0x08002800     0x4  startup_stm32f407xx.o [1]
  .text              ro code  0x08002804     0x4  startup_stm32f407xx.o [1]
  .text              ro code  0x08002808     0x4  startup_stm32f407xx.o [1]
  .text              ro code  0x0800280c     0x4  startup_stm32f407xx.o [1]
  .text              ro code  0x08002810     0x4  startup_stm32f407xx.o [1]
  .text              ro code  0x08002814     0x4  startup_stm32f407xx.o [1]
  .text              ro code  0x08002818     0x4  startup_stm32f407xx.o [1]
  .text              ro code  0x0800281c     0x4  startup_stm32f407xx.o [1]
  .text              ro code  0x08002820     0x4  startup_stm32f407xx.o [1]
  .text              ro code  0x08002824     0x4  startup_stm32f407xx.o [1]
  .text              ro code  0x08002828     0x4  startup_stm32f407xx.o [1]
  .text              ro code  0x0800282c     0x4  startup_stm32f407xx.o [1]
  .text              ro code  0x08002830     0x4  startup_stm32f407xx.o [1]
  .text              ro code  0x08002834     0x4  startup_stm32f407xx.o [1]
  .text              ro code  0x08002838     0x4  startup_stm32f407xx.o [1]
  .text              ro code  0x0800283c     0x4  startup_stm32f407xx.o [1]
  .text              ro code  0x08002840     0x4  startup_stm32f407xx.o [1]
  .text              ro code  0x08002844     0x4  startup_stm32f407xx.o [1]
  Initializer bytes  const    0x08002848     0x4  <for P2-1>
  .rodata            const    0x0800284c     0x0  zero_init3.o [5]
  .rodata            const    0x0800284c     0x0  copy_init3.o [5]
                            - 0x0800284c  0x26c4

"P2", part 1 of 3:                           0x4
  P2-1                        0x20000000     0x4  <Init block>
    .data            inited   0x20000000     0x4  system_stm32f4xx.o [1]
                            - 0x20000004     0x4

"P2", part 2 of 3:                         0x400
  CSTACK                      0x20000008   0x400  <Block>
    CSTACK           uninit   0x20000008   0x400  <Block tail>
                            - 0x20000408   0x400

"P2", part 3 of 3:                          0x58
  .bss               zero     0x20000408    0x54  main.o [1]
  .bss               zero     0x2000045c     0x4  stm32f4xx_hal.o [1]
                            - 0x20000460    0x58


*******************************************************************************
*** INIT TABLE
***

          Address     Size
          -------     ----
Zero (__iar_zero_init3)
    1 destination range, total size 0x58:
          0x20000408  0x58

Copy (__iar_copy_init3)
    1 source range, total size 0x4:
          0x08002848   0x4
    1 destination range, total size 0x4:
          0x20000000   0x4



*******************************************************************************
*** MODULE SUMMARY
***

    Module                  ro code  ro data  rw data
    ------                  -------  -------  -------
X:\MailCloud\work\V&V\CODE\Auto\EWARM\Auto\Obj: [1]
    main.o                      666       46       84
    startup_stm32f407xx.o       724
    stm32f4xx_hal.o             124                 4
    stm32f4xx_hal_cortex.o      362
    stm32f4xx_hal_dma.o          40
    stm32f4xx_hal_gpio.o        560
    stm32f4xx_hal_i2c.o       5 380
    stm32f4xx_hal_msp.o         216
    stm32f4xx_hal_rcc.o       1 708
    stm32f4xx_it.o               52
    system_stm32f4xx.o          108       28        4
    -------------------------------------------------
    Total:                    9 940       74       92

command line: [2]
    -------------------------------------------------
    Total:

dl7M_tlf.a: [3]
    exit.o                        4
    low_level_init.o              4
    -------------------------------------------------
    Total:                        8

m7M_tls.a: [4]
    fpinit_M.o                   34
    -------------------------------------------------
    Total:                       34

rt7M_tl.a: [5]
    cexit.o                      10
    cmain.o                      26
    copy_init3.o                 44
    cstartup_M.o                 12
    data_init.o                  40
    zero_init3.o                 64
    -------------------------------------------------
    Total:                      196

shb_l.a: [6]
    exit.o                       20
    -------------------------------------------------
    Total:                       20

    Gaps                          6        2
    Linker created                        36    1 024
-----------------------------------------------------
    Grand Total:             10 204      112    1 116


*******************************************************************************
*** ENTRY LIST
***

Entry                      Address   Size  Type      Object
-----                      -------   ----  ----      ------
.iar.init_table$$Base   0x08002670          --   Gb  - Linker created -
.iar.init_table$$Limit  0x08002694          --   Gb  - Linker created -
?main                   0x08002695         Code  Gb  cmain.o [5]
AHBPrescTable           0x080026d8   0x10  Data  Gb  system_stm32f4xx.o [1]
APBPrescTable           0x08002704    0x8  Data  Gb  system_stm32f4xx.o [1]
BusFault_Handler        0x0800259f    0x2  Code  Gb  stm32f4xx_it.o [1]
CSTACK$$Base            0x20000008          --   Gb  - Linker created -
CSTACK$$Limit           0x20000408          --   Gb  - Linker created -
DebugMon_Handler        0x080025a5    0x2  Code  Gb  stm32f4xx_it.o [1]
HAL_DMA_Abort_IT        0x08001e8d   0x28  Code  Gb  stm32f4xx_hal_dma.o [1]
HAL_GPIO_Init           0x08002021  0x1e4  Code  Gb  stm32f4xx_hal_gpio.o [1]
HAL_GPIO_WritePin       0x08002205   0x14  Code  Gb  stm32f4xx_hal_gpio.o [1]
HAL_GetTick             0x08001e7b    0x6  Code  Wk  stm32f4xx_hal.o [1]
HAL_I2C_AbortCpltCallback
                        0x0800082d    0x2  Code  Wk  stm32f4xx_hal_i2c.o [1]
HAL_I2C_AddrCallback    0x08000823    0x2  Code  Wk  stm32f4xx_hal_i2c.o [1]
HAL_I2C_ER_IRQHandler   0x08000731   0xea  Code  Gb  stm32f4xx_hal_i2c.o [1]
HAL_I2C_EV_IRQHandler   0x080005dd  0x14e  Code  Gb  stm32f4xx_hal_i2c.o [1]
HAL_I2C_ErrorCallback   0x0800082b    0x2  Code  Wk  stm32f4xx_hal_i2c.o [1]
HAL_I2C_Init            0x08000189  0x128  Code  Gb  stm32f4xx_hal_i2c.o [1]
HAL_I2C_ListenCpltCallback
                        0x08000825    0x2  Code  Wk  stm32f4xx_hal_i2c.o [1]
HAL_I2C_MasterRxCpltCallback
                        0x0800081d    0x2  Code  Wk  stm32f4xx_hal_i2c.o [1]
HAL_I2C_MasterTxCpltCallback
                        0x0800081b    0x2  Code  Wk  stm32f4xx_hal_i2c.o [1]
HAL_I2C_MemRxCpltCallback
                        0x08000829    0x2  Code  Wk  stm32f4xx_hal_i2c.o [1]
HAL_I2C_MemTxCpltCallback
                        0x08000827    0x2  Code  Wk  stm32f4xx_hal_i2c.o [1]
HAL_I2C_Mem_Read        0x080002b9  0x320  Code  Gb  stm32f4xx_hal_i2c.o [1]
HAL_I2C_MspInit         0x080016eb   0x6c  Code  Gb  stm32f4xx_hal_msp.o [1]
HAL_I2C_SlaveRxCpltCallback
                        0x08000821    0x2  Code  Wk  stm32f4xx_hal_i2c.o [1]
HAL_I2C_SlaveTxCpltCallback
                        0x0800081f    0x2  Code  Wk  stm32f4xx_hal_i2c.o [1]
HAL_IncTick             0x08001e6f    0xc  Code  Wk  stm32f4xx_hal.o [1]
HAL_Init                0x08001e11   0x3a  Code  Gb  stm32f4xx_hal.o [1]
HAL_InitTick            0x08001e4b   0x24  Code  Wk  stm32f4xx_hal.o [1]
HAL_MspInit             0x0800168d   0x5e  Code  Gb  stm32f4xx_hal_msp.o [1]
HAL_NVIC_EnableIRQ      0x08001fb7    0xe  Code  Gb  stm32f4xx_hal_cortex.o [1]
HAL_NVIC_SetPriority    0x08001f91   0x26  Code  Gb  stm32f4xx_hal_cortex.o [1]
HAL_NVIC_SetPriorityGrouping
                        0x08001f85    0xc  Code  Gb  stm32f4xx_hal_cortex.o [1]
HAL_RCC_ClockConfig     0x08001b51  0x1b2  Code  Gb  stm32f4xx_hal_rcc.o [1]
HAL_RCC_GetHCLKFreq     0x08001da7    0x6  Code  Gb  stm32f4xx_hal_rcc.o [1]
HAL_RCC_GetPCLK1Freq    0x08001dad   0x20  Code  Gb  stm32f4xx_hal_rcc.o [1]
HAL_RCC_GetSysClockFreq
                        0x08001d03   0xa4  Code  Wk  stm32f4xx_hal_rcc.o [1]
HAL_RCC_OscConfig       0x08001765  0x3ec  Code  Wk  stm32f4xx_hal_rcc.o [1]
HAL_SYSTICK_CLKSourceConfig
                        0x08001fd1   0x20  Code  Gb  stm32f4xx_hal_cortex.o [1]
HAL_SYSTICK_Callback    0x0800201d    0x2  Code  Wk  stm32f4xx_hal_cortex.o [1]
HAL_SYSTICK_Config      0x08001fc5    0xc  Code  Gb  stm32f4xx_hal_cortex.o [1]
HAL_SYSTICK_IRQHandler  0x08002015    0x8  Code  Gb  stm32f4xx_hal_cortex.o [1]
HardFault_Handler       0x0800259b    0x2  Code  Gb  stm32f4xx_it.o [1]
I2C1_ER_IRQHandler      0x080025bf    0xa  Code  Gb  stm32f4xx_it.o [1]
I2C1_EV_IRQHandler      0x080025b5    0xa  Code  Gb  stm32f4xx_it.o [1]
I2C_DMAAbort            0x08001415   0x6e  Code  Lc  stm32f4xx_hal_i2c.o [1]
I2C_ITError             0x0800112b  0x156  Code  Lc  stm32f4xx_hal_i2c.o [1]
I2C_IsAcknowledgeFailed
                        0x0800165f   0x2e  Code  Lc  stm32f4xx_hal_i2c.o [1]
I2C_MasterReceive_BTF   0x08000ae9   0xf2  Code  Lc  stm32f4xx_hal_i2c.o [1]
I2C_MasterReceive_RXNE  0x08000a25   0xc4  Code  Lc  stm32f4xx_hal_i2c.o [1]
I2C_MasterTransmit_BTF  0x0800097d   0xa4  Code  Lc  stm32f4xx_hal_i2c.o [1]
I2C_MasterTransmit_TXE  0x0800082f  0x14e  Code  Lc  stm32f4xx_hal_i2c.o [1]
I2C_Master_ADD10        0x08000c6b    0xe  Code  Lc  stm32f4xx_hal_i2c.o [1]
I2C_Master_ADDR         0x08000c79  0x204  Code  Lc  stm32f4xx_hal_i2c.o [1]
I2C_Master_SB           0x08000bdd   0x8e  Code  Lc  stm32f4xx_hal_i2c.o [1]
I2C_RequestMemoryRead   0x0800129d  0x16e  Code  Lc  stm32f4xx_hal_i2c.o [1]
I2C_SlaveReceive_BTF    0x08000f33   0x1e  Code  Lc  stm32f4xx_hal_i2c.o [1]
I2C_SlaveReceive_RXNE   0x08000ee9   0x4a  Code  Lc  stm32f4xx_hal_i2c.o [1]
I2C_SlaveTransmit_BTF   0x08000ecb   0x1e  Code  Lc  stm32f4xx_hal_i2c.o [1]
I2C_SlaveTransmit_TXE   0x08000e81   0x4a  Code  Lc  stm32f4xx_hal_i2c.o [1]
I2C_Slave_ADDR          0x08000f51   0x38  Code  Lc  stm32f4xx_hal_i2c.o [1]
I2C_Slave_AF            0x08001089   0xa2  Code  Lc  stm32f4xx_hal_i2c.o [1]
I2C_Slave_STOPF         0x08000f89  0x100  Code  Lc  stm32f4xx_hal_i2c.o [1]
I2C_WaitOnFlagUntilTimeout
                        0x08001483   0x88  Code  Lc  stm32f4xx_hal_i2c.o [1]
I2C_WaitOnMasterAddressFlagUntilTimeout
                        0x0800150b   0xa0  Code  Lc  stm32f4xx_hal_i2c.o [1]
I2C_WaitOnRXNEFlagUntilTimeout
                        0x080015fd   0x62  Code  Lc  stm32f4xx_hal_i2c.o [1]
I2C_WaitOnTXEFlagUntilTimeout
                        0x080015ab   0x52  Code  Lc  stm32f4xx_hal_i2c.o [1]
MX_GPIO_Init            0x080023b9  0x102  Code  Lc  main.o [1]
MX_I2C1_Init            0x0800236b   0x4e  Code  Lc  main.o [1]
MemManage_Handler       0x0800259d    0x2  Code  Gb  stm32f4xx_it.o [1]
NMI_Handler             0x08002599    0x2  Code  Gb  stm32f4xx_it.o [1]
NVIC_EnableIRQ          0x08001edd   0x14  Code  Lc  stm32f4xx_hal_cortex.o [1]
NVIC_EncodePriority     0x08001f17   0x3e  Code  Lc  stm32f4xx_hal_cortex.o [1]
NVIC_GetPriorityGrouping
                        0x08001ed3    0xa  Code  Lc  stm32f4xx_hal_cortex.o [1]
NVIC_SetPriority        0x08001ef1   0x26  Code  Lc  stm32f4xx_hal_cortex.o [1]
NVIC_SetPriorityGrouping
                        0x08001eb5   0x1e  Code  Lc  stm32f4xx_hal_cortex.o [1]
PendSV_Handler          0x080025a7    0x2  Code  Gb  stm32f4xx_it.o [1]
Region$$Table$$Base     0x08002670          --   Gb  - Linker created -
Region$$Table$$Limit    0x08002694          --   Gb  - Linker created -
SVC_Handler             0x080025a3    0x2  Code  Gb  stm32f4xx_it.o [1]
SysTick_Config          0x08001f55   0x30  Code  Lc  stm32f4xx_hal_cortex.o [1]
SysTick_Handler         0x080025a9    0xc  Code  Gb  stm32f4xx_it.o [1]
SystemClock_Config      0x080022a5   0xc6  Code  Gb  main.o [1]
SystemCoreClock         0x20000000    0x4  Data  Gb  system_stm32f4xx.o [1]
SystemInit              0x080024ed   0x4c  Code  Gb  system_stm32f4xx.o [1]
UsageFault_Handler      0x080025a1    0x2  Code  Gb  stm32f4xx_it.o [1]
_Error_Handler          0x080024e9    0x2  Code  Gb  main.o [1]
__cmain                 0x08002695         Code  Gb  cmain.o [5]
__exit                  0x080026c5   0x14  Code  Gb  exit.o [6]
__iar_copy_init3        0x080025f9   0x2c  Code  Gb  copy_init3.o [5]
__iar_data_init3        0x08002625   0x28  Code  Gb  data_init.o [5]
__iar_init_vfp          0x0800264d         Code  Gb  fpinit_M.o [4]
__iar_program_start     0x080026f9         Code  Gb  cstartup_M.o [5]
__iar_zero_init3        0x08002559   0x40  Code  Gb  zero_init3.o [5]
__low_level_init        0x080026af    0x4  Code  Gb  low_level_init.o [3]
__vector_table          0x08000000         Data  Gb  startup_stm32f407xx.o [1]
_call_main              0x080026a1         Code  Gb  cmain.o [5]
_exit                   0x080026b9         Code  Gb  cexit.o [5]
_main                   0x080026ab         Code  Gb  cmain.o [5]
exit                    0x080026b3    0x4  Code  Gb  exit.o [3]
hi2c1                   0x20000408   0x54  Data  Gb  main.o [1]
main                    0x08002251   0x54  Code  Gb  main.o [1]
uwTick                  0x2000045c    0x4  Data  Gb  stm32f4xx_hal.o [1]


[1] = X:\MailCloud\work\V&V\CODE\Auto\EWARM\Auto\Obj
[2] = command line
[3] = dl7M_tlf.a
[4] = m7M_tls.a
[5] = rt7M_tl.a
[6] = shb_l.a

  10 204 bytes of readonly  code memory
     112 bytes of readonly  data memory
   1 116 bytes of readwrite data memory

Errors: none
Warnings: none
